---
source: src/cli/mod.rs
expression: help
---
IronClaw is a secure AI assistant. Use 'ironclaw <subcommand> --help' for details.
Examples:
  ironclaw run  # Start the agent
  ironclaw config list  # List configs

Usage: ironclaw [OPTIONS] [COMMAND]

Commands:
  run         Run the AI agent
  onboard     Run interactive setup wizard
  config      Manage app configs
  tool        Manage WASM tools
  registry    Browse/install extensions
  channels    Manage channels
  routines    Manage routines
  mcp         Manage MCP servers
  memory      Manage workspace memory
  pairing     Manage DM pairing
  service     Manage OS service
  skills      Manage skills
  hooks       Manage lifecycle hooks
  models      Manage LLM providers and models
  doctor      Run diagnostics
  logs        View and manage gateway logs
  status      Show system status
  completion  Generate completions
  login       Authenticate with a provider
  help        Print this message or the help of the given subcommand(s)

Options:
      --cli-only
          Run in interactive CLI mode only (disable other channels)

      --no-db
          Skip database connection (for testing)

  -m, --message <MESSAGE>
          Single message mode - send one message and exit

  -c, --config <CONFIG>
          Configuration file path (optional, uses env vars by default)

      --no-onboard
          Skip first-run onboarding check

  -p, --print <PRINT>
          Non-interactive mode: send a prompt and exit

      --output-format <OUTPUT_FORMAT>
          Output format

          Possible values:
          - text:        Default human-facing REPL output
          - json:        Single JSON object at end of run (non-streaming)
          - stream-json: Streaming NDJSON (one JSON object per line)
          
          [default: text]

      --input-format <INPUT_FORMAT>
          Input format

          Possible values:
          - text:        Interactive rustyline REPL
          - stream-json: Streaming NDJSON on stdin
          
          [default: text]

      --session-id <SESSION_ID>
          Resume a specific session by UUID (conflicts with --resume)

      --resume
          Resume the most recent session for the current user

      --verbose
          Include intermediate assistant/user messages in output

      --include-events <INCLUDE_EVENTS>
          Additional event types to include in NDJSON output

      --compat <COMPAT>
          NDJSON output compatibility mode

          Possible values:
          - ironclaw:    IronClaw native event shape
          - claude-code: Claude Code compatible event shape
          
          [default: ironclaw]

  -h, --help
          Print help (see a summary with '-h')

  -V, --version
          Print version
